2023/10/05 14:16:14 [开启启动按键模块]
2023/10/05 14:16:15 [开始挂载驱动文件,路径: D:\go_project\jx3tool\dd202x.8.x64.dll ]
2023/10/05 14:16:15 [驱动注入成功！]
2023/10/05 14:16:15 [修改间隔成功][ 50 ]
2023/10/05 14:16:15 [修改模式成功][ 0 ]
2023/10/05 14:16:15 [修改声音成功][ true ]
2023/10/05 14:16:15 [同步按键数据成功] []
